
===================================================================
  Welcome to HAPGEN_v2.1.2 (24/03/2011)
  Zhan Su, Peter Donnelly, Jonathan Marchini
===================================================================

Command line input is:
./hapgen2 -m genetic_map_chr1_combined_b36.txt -l CEU.0908.chr1.legend -h CEU.0908.chr1.hap -o hapgen_out_chr1.txt -dl 791956 1 1.5 2.25 -int 691956 891956 -n 100 100 

FILE INPUTS
                                            haplotype file: CEU.0908.chr1.hap
                                               legend file: CEU.0908.chr1.legend
                                          genetic map file: genetic_map_chr1_combined_b36.txt
                                             tag snps file: 
FILE OUTPUTS
                                               output file: hapgen_out_chr1.txt
                                              summary file: hapgen_out_chr1.txt.summary
PARAMETER INPUTS
                                  no. controls to simulate: 100
                                     no. cases to simulate: 100
                                              disease loci: (1) 791956 
                                           disease alleles: (1) 1 
                             heterozygote/homozygote risks: (1) 1.50/2.25 
                                                     lower: 691956
                                                     upper: 891956
                                                        Ne: 11418
                                                     theta: -1

Reading genetic map file ... done
                                      number of rates read: 248796


Reading haplotype and legend files: looking for SNPs in [691956, 891956] ... done
                                      number of haplotypes: 112
                                   number of SNPs in total: 670051
                                number of SNPs in interval: 1196


Random seed set to 0.836926
theta not set, so setting to a default value of 0.188673

Processing disease loci ... done 


Simulating haplotypes ... done

Writing output to files 
writing output file hapgen_out_chr1.txt.controls.haps
writing output file hapgen_out_chr1.txt.cases.haps
writing output file hapgen_out_chr1.txt.legend
writing output file hapgen_out_chr1.txt.controls.gen
writing output file hapgen_out_chr1.txt.cases.gen
writing output file hapgen_out_chr1.txt.controls.sample
writing output file hapgen_out_chr1.txt.cases.sample


The pvalues and effect sizes of each disease SNP is:

Disease_locus_index           beta        beta_se         pvalue
            351            0.06406        0.07576         0.8572


The pvalue for the full disease model is 0.8572:
Disease_locus_index           beta        beta_se
            351            0.06406        0.07576

HAPGEN took 123 seconds to complete. Have a nice day! 
